[2026-07-31 10:14:49] [INFO] [alzheimer_system]: ==================================================
[2026-07-31 10:14:49] [INFO] [alzheimer_system]:   STARTING COGNITIVE MODEL TRAINING PIPELINE    
[2026-07-31 10:14:49] [INFO] [alzheimer_system]: ==================================================
[2026-07-31 10:14:49] [INFO] [alzheimer_system]: Loading Cognitive Dataset from cognitive dataset/alzheimer.csv
[2026-07-31 10:14:49] [INFO] [alzheimer_system]: Starting Cognitive preprocessing fit_transform...
[2026-07-31 10:14:49] [INFO] [alzheimer_system]: Saved Cognitive preprocessor to saved_models\cognitive_preprocessor.pkl
[2026-07-31 10:14:49] [INFO] [alzheimer_system]: Training ML Model Suite across 5 algorithms with 5-fold CV...
[2026-07-31 10:14:49] [INFO] [alzheimer_system]: Tuning & evaluating model: Logistic Regression
[2026-07-31 10:14:54] [INFO] [alzheimer_system]: [Logistic Regression] Acc: 0.9062 | F1: 0.9505 | AUC: 0.7671
[2026-07-31 10:14:54] [INFO] [alzheimer_system]: Tuning & evaluating model: Random Forest
[2026-07-31 10:14:56] [INFO] [alzheimer_system]: [Random Forest] Acc: 0.9249 | F1: 0.9599 | AUC: 0.8237
[2026-07-31 10:14:56] [INFO] [alzheimer_system]: Tuning & evaluating model: XGBoost
[2026-07-31 10:14:57] [INFO] [alzheimer_system]: [XGBoost] Acc: 0.9169 | F1: 0.9557 | AUC: 0.7630
[2026-07-31 10:14:57] [INFO] [alzheimer_system]: Tuning & evaluating model: CatBoost
[2026-07-31 10:14:59] [INFO] [alzheimer_system]: [CatBoost] Acc: 0.9115 | F1: 0.9531 | AUC: 0.8185
[2026-07-31 10:14:59] [INFO] [alzheimer_system]: Tuning & evaluating model: LightGBM
[2026-07-31 10:15:06] [INFO] [alzheimer_system]: [LightGBM] Acc: 0.9169 | F1: 0.9551 | AUC: 0.7723
[2026-07-31 10:15:06] [INFO] [alzheimer_system]: AUTOMATIC SELECTION: Best performing model is 'Random Forest' with ROC-AUC: 0.8237
[2026-07-31 10:15:06] [INFO] [alzheimer_system]: Saved best ML model (Random Forest) to saved_models\best_cognitive_model.pkl
[2026-07-31 10:15:07] [INFO] [alzheimer_system]: Generated SHAP explainability plots successfully.
[2026-07-31 10:15:07] [INFO] [alzheimer_system]: ==================================================
[2026-07-31 10:15:07] [INFO] [alzheimer_system]:   COGNITIVE TRAINING COMPLETE: Best = Random Forest
[2026-07-31 10:15:07] [INFO] [alzheimer_system]: ==================================================
[2026-07-31 10:15:07] [INFO] [alzheimer_system]: ==================================================
[2026-07-31 10:15:07] [INFO] [alzheimer_system]:       STARTING EEG MODEL TRAINING PIPELINE        
[2026-07-31 10:15:07] [INFO] [alzheimer_system]: ==================================================
[2026-07-31 10:15:07] [INFO] [alzheimer_system]: Loading EEG recording from EEG dataset/AD_all_patients.csv...
[2026-07-31 10:15:35] [INFO] [alzheimer_system]: ==================================================
[2026-07-31 10:15:35] [INFO] [alzheimer_system]:   STARTING COGNITIVE MODEL TRAINING PIPELINE    
[2026-07-31 10:15:35] [INFO] [alzheimer_system]: ==================================================
[2026-07-31 10:15:35] [INFO] [alzheimer_system]: Loading Cognitive Dataset from cognitive dataset/alzheimer.csv
[2026-07-31 10:15:35] [INFO] [alzheimer_system]: Starting Cognitive preprocessing fit_transform...
[2026-07-31 10:15:35] [INFO] [alzheimer_system]: Saved Cognitive preprocessor to saved_models\cognitive_preprocessor.pkl
[2026-07-31 10:15:35] [INFO] [alzheimer_system]: Training ML Model Suite across 5 algorithms with 5-fold CV...
[2026-07-31 10:15:35] [INFO] [alzheimer_system]: Tuning & evaluating model: Logistic Regression
[2026-07-31 10:15:41] [INFO] [alzheimer_system]: [Logistic Regression] Acc: 0.9062 | F1: 0.9505 | AUC: 0.7671
[2026-07-31 10:15:41] [INFO] [alzheimer_system]: Tuning & evaluating model: Random Forest
[2026-07-31 10:15:45] [INFO] [alzheimer_system]: [Random Forest] Acc: 0.9249 | F1: 0.9599 | AUC: 0.8237
[2026-07-31 10:15:45] [INFO] [alzheimer_system]: Tuning & evaluating model: XGBoost
[2026-07-31 10:15:46] [INFO] [alzheimer_system]: [XGBoost] Acc: 0.9169 | F1: 0.9557 | AUC: 0.7630
[2026-07-31 10:15:46] [INFO] [alzheimer_system]: Tuning & evaluating model: CatBoost
[2026-07-31 10:15:48] [INFO] [alzheimer_system]: [CatBoost] Acc: 0.9115 | F1: 0.9531 | AUC: 0.8185
[2026-07-31 10:15:48] [INFO] [alzheimer_system]: Tuning & evaluating model: LightGBM
[2026-07-31 10:15:54] [INFO] [alzheimer_system]: [LightGBM] Acc: 0.9169 | F1: 0.9551 | AUC: 0.7723
[2026-07-31 10:15:54] [INFO] [alzheimer_system]: AUTOMATIC SELECTION: Best performing model is 'Random Forest' with ROC-AUC: 0.8237
[2026-07-31 10:15:54] [INFO] [alzheimer_system]: Saved best ML model (Random Forest) to saved_models\best_cognitive_model.pkl
[2026-07-31 10:15:55] [INFO] [alzheimer_system]: Generated SHAP explainability plots successfully.
[2026-07-31 10:15:55] [INFO] [alzheimer_system]: ==================================================
[2026-07-31 10:15:55] [INFO] [alzheimer_system]:   COGNITIVE TRAINING COMPLETE: Best = Random Forest
[2026-07-31 10:15:55] [INFO] [alzheimer_system]: ==================================================
[2026-07-31 10:15:55] [INFO] [alzheimer_system]: ==================================================
[2026-07-31 10:15:55] [INFO] [alzheimer_system]:       STARTING EEG MODEL TRAINING PIPELINE        
[2026-07-31 10:15:55] [INFO] [alzheimer_system]: ==================================================
[2026-07-31 10:15:55] [INFO] [alzheimer_system]: Loading EEG recording from EEG dataset/AD_all_patients.csv...
[2026-07-31 10:15:57] [INFO] [alzheimer_system]: Saved EEG preprocessor to saved_models\eeg_preprocessor.pkl
[2026-07-31 10:15:57] [INFO] [alzheimer_system]: Training ML Model Suite across 5 algorithms with 5-fold CV...
[2026-07-31 10:15:57] [INFO] [alzheimer_system]: Tuning & evaluating model: Logistic Regression
[2026-07-31 10:15:57] [INFO] [alzheimer_system]: [Logistic Regression] Acc: 1.0000 | F1: 1.0000 | AUC: 1.0000
[2026-07-31 10:15:57] [INFO] [alzheimer_system]: Tuning & evaluating model: Random Forest
[2026-07-31 10:15:59] [INFO] [alzheimer_system]: [Random Forest] Acc: 1.0000 | F1: 1.0000 | AUC: 1.0000
[2026-07-31 10:15:59] [INFO] [alzheimer_system]: Tuning & evaluating model: XGBoost
[2026-07-31 10:16:01] [INFO] [alzheimer_system]: [XGBoost] Acc: 0.9700 | F1: 0.9744 | AUC: 0.9692
[2026-07-31 10:16:01] [INFO] [alzheimer_system]: Tuning & evaluating model: CatBoost
[2026-07-31 10:16:22] [INFO] [alzheimer_system]: [CatBoost] Acc: 1.0000 | F1: 1.0000 | AUC: 1.0000
[2026-07-31 10:16:22] [INFO] [alzheimer_system]: Tuning & evaluating model: LightGBM
[2026-07-31 10:16:23] [INFO] [alzheimer_system]: [LightGBM] Acc: 0.9900 | F1: 0.9915 | AUC: 0.9805
[2026-07-31 10:16:23] [INFO] [alzheimer_system]: AUTOMATIC SELECTION: Best performing model is 'Logistic Regression' with ROC-AUC: 1.0000
[2026-07-31 10:16:23] [INFO] [alzheimer_system]: Training Deep Learning model architecture: CNN
[2026-07-31 10:16:29] [INFO] [alzheimer_system]: [CNN] Val Acc: 1.0000 | Val F1: 1.0000 | Val AUC: 1.0000
[2026-07-31 10:16:29] [INFO] [alzheimer_system]: Training Deep Learning model architecture: LSTM
[2026-07-31 10:16:32] [INFO] [alzheimer_system]: ==================================================
[2026-07-31 10:16:32] [INFO] [alzheimer_system]:       STARTING EEG MODEL TRAINING PIPELINE        
[2026-07-31 10:16:32] [INFO] [alzheimer_system]: ==================================================
[2026-07-31 10:16:32] [INFO] [alzheimer_system]: Loading EEG recording from EEG dataset/AD_all_patients.csv...
[2026-07-31 10:16:36] [INFO] [alzheimer_system]: Saved EEG preprocessor to saved_models\eeg_preprocessor.pkl
[2026-07-31 10:16:36] [INFO] [alzheimer_system]: Training ML Model Suite across 5 algorithms with 5-fold CV...
[2026-07-31 10:16:36] [INFO] [alzheimer_system]: Tuning & evaluating model: Logistic Regression
[2026-07-31 10:16:54] [INFO] [alzheimer_system]: [LSTM] Val Acc: 1.0000 | Val F1: 1.0000 | Val AUC: 1.0000
[2026-07-31 10:16:54] [INFO] [alzheimer_system]: Training Deep Learning model architecture: CNN-LSTM
[2026-07-31 10:16:54] [INFO] [alzheimer_system]: [Logistic Regression] Acc: 1.0000 | F1: 1.0000 | AUC: 1.0000
[2026-07-31 10:16:54] [INFO] [alzheimer_system]: Tuning & evaluating model: Random Forest
[2026-07-31 10:16:58] [INFO] [alzheimer_system]: [Random Forest] Acc: 1.0000 | F1: 1.0000 | AUC: 1.0000
[2026-07-31 10:16:58] [INFO] [alzheimer_system]: Tuning & evaluating model: XGBoost
[2026-07-31 10:17:00] [INFO] [alzheimer_system]: [XGBoost] Acc: 0.9700 | F1: 0.9744 | AUC: 0.9692
[2026-07-31 10:17:00] [INFO] [alzheimer_system]: Tuning & evaluating model: CatBoost
[2026-07-31 10:17:18] [INFO] [alzheimer_system]: [CNN-LSTM] Val Acc: 0.9600 | Val F1: 0.9630 | Val AUC: 1.0000
[2026-07-31 10:17:18] [INFO] [alzheimer_system]: EEG SELECTION: Winner is 'ML (Logistic Regression)' with ROC-AUC: 1.0000
[2026-07-31 10:17:20] [INFO] [alzheimer_system]: ==================================================
[2026-07-31 10:17:20] [INFO] [alzheimer_system]:   EEG TRAINING COMPLETE: Best = ML (Logistic Regression)
[2026-07-31 10:17:20] [INFO] [alzheimer_system]: ==================================================
[2026-07-31 10:17:20] [INFO] [alzheimer_system]: ==================================================
[2026-07-31 10:17:20] [INFO] [alzheimer_system]:     STARTING SPEECH AUDIO MODEL TRAINING PIPELINE 
[2026-07-31 10:17:20] [INFO] [alzheimer_system]: ==================================================
[2026-07-31 10:17:20] [INFO] [alzheimer_system]: Found 591 WAV files in Speech dataset
[2026-07-31 10:17:20] [INFO] [alzheimer_system]: Extracting speech features from 591 recordings...
[2026-07-31 10:17:22] [INFO] [alzheimer_system]: ==================================================
[2026-07-31 10:17:22] [INFO] [alzheimer_system]:       STARTING EEG MODEL TRAINING PIPELINE        
[2026-07-31 10:17:22] [INFO] [alzheimer_system]: ==================================================
[2026-07-31 10:17:22] [INFO] [alzheimer_system]: Loading EEG recording from EEG dataset/AD_all_patients.csv...
[2026-07-31 10:17:31] [INFO] [alzheimer_system]: [CatBoost] Acc: 1.0000 | F1: 1.0000 | AUC: 1.0000
[2026-07-31 10:17:31] [INFO] [alzheimer_system]: Tuning & evaluating model: LightGBM
[2026-07-31 10:17:31] [INFO] [alzheimer_system]: Saved EEG preprocessor to saved_models\eeg_preprocessor.pkl
[2026-07-31 10:17:31] [INFO] [alzheimer_system]: Training ML Model Suite across 5 algorithms with 5-fold CV...
[2026-07-31 10:17:31] [INFO] [alzheimer_system]: Tuning & evaluating model: Logistic Regression
[2026-07-31 10:17:39] [INFO] [alzheimer_system]: ==================================================
[2026-07-31 10:17:39] [INFO] [alzheimer_system]:       STARTING EEG MODEL TRAINING PIPELINE        
[2026-07-31 10:17:39] [INFO] [alzheimer_system]: ==================================================
[2026-07-31 10:17:39] [INFO] [alzheimer_system]: Loading EEG recording from EEG dataset/AD_all_patients.csv...
[2026-07-31 10:17:54] [INFO] [alzheimer_system]: Saved EEG preprocessor to saved_models\eeg_preprocessor.pkl
[2026-07-31 10:17:54] [INFO] [alzheimer_system]: Training ML Model Suite across 5 algorithms with 5-fold CV...
[2026-07-31 10:17:54] [INFO] [alzheimer_system]: Tuning & evaluating model: Logistic Regression
[2026-07-31 10:18:27] [INFO] [alzheimer_system]: ==================================================
[2026-07-31 10:18:27] [INFO] [alzheimer_system]:       STARTING EEG MODEL TRAINING PIPELINE        
[2026-07-31 10:18:27] [INFO] [alzheimer_system]: ==================================================
[2026-07-31 10:18:27] [INFO] [alzheimer_system]: Loading EEG recording from EEG dataset/AD_all_patients.csv...
[2026-07-31 10:18:29] [INFO] [alzheimer_system]: Saved EEG preprocessor to saved_models\eeg_preprocessor.pkl
[2026-07-31 10:18:29] [INFO] [alzheimer_system]: Training ML Model Suite across 5 algorithms with 5-fold CV...
[2026-07-31 10:18:29] [INFO] [alzheimer_system]: Tuning & evaluating model: Logistic Regression
[2026-07-31 10:18:33] [INFO] [alzheimer_system]: [Logistic Regression] Acc: 1.0000 | F1: 1.0000 | AUC: 1.0000
[2026-07-31 10:18:33] [INFO] [alzheimer_system]: Tuning & evaluating model: Random Forest
[2026-07-31 10:18:41] [INFO] [alzheimer_system]: [Random Forest] Acc: 1.0000 | F1: 1.0000 | AUC: 1.0000
[2026-07-31 10:18:41] [INFO] [alzheimer_system]: Tuning & evaluating model: XGBoost
[2026-07-31 10:19:02] [INFO] [alzheimer_system]: [Logistic Regression] Acc: 1.0000 | F1: 1.0000 | AUC: 1.0000
[2026-07-31 10:19:02] [INFO] [alzheimer_system]: Tuning & evaluating model: Random Forest
[2026-07-31 10:19:12] [INFO] [alzheimer_system]: [Random Forest] Acc: 1.0000 | F1: 1.0000 | AUC: 1.0000
[2026-07-31 10:19:12] [INFO] [alzheimer_system]: Tuning & evaluating model: XGBoost
[2026-07-31 10:19:22] [INFO] [alzheimer_system]: ==================================================
[2026-07-31 10:19:22] [INFO] [alzheimer_system]:     STARTING SPEECH AUDIO MODEL TRAINING PIPELINE 
[2026-07-31 10:19:22] [INFO] [alzheimer_system]: ==================================================
[2026-07-31 10:19:22] [INFO] [alzheimer_system]: Found 591 WAV files in Speech dataset
[2026-07-31 10:19:22] [INFO] [alzheimer_system]: Extracting speech features from 591 recordings...
[2026-07-31 10:19:36] [INFO] [alzheimer_system]: [LightGBM] Acc: 0.9900 | F1: 0.9915 | AUC: 0.9805
[2026-07-31 10:19:36] [INFO] [alzheimer_system]: AUTOMATIC SELECTION: Best performing model is 'Logistic Regression' with ROC-AUC: 1.0000
[2026-07-31 10:19:38] [INFO] [alzheimer_system]: Training Deep Learning model architecture: CNN
[2026-07-31 10:19:43] [INFO] [alzheimer_system]: ==================================================
[2026-07-31 10:19:43] [INFO] [alzheimer_system]:     STARTING SPEECH AUDIO MODEL TRAINING PIPELINE 
[2026-07-31 10:19:43] [INFO] [alzheimer_system]: ==================================================
[2026-07-31 10:19:43] [INFO] [alzheimer_system]: Found 40 WAV files in Speech dataset
[2026-07-31 10:19:43] [INFO] [alzheimer_system]: Extracting speech features from 40 recordings...
[2026-07-31 10:19:52] [INFO] [alzheimer_system]: [CNN] Val Acc: 1.0000 | Val F1: 1.0000 | Val AUC: 1.0000
[2026-07-31 10:19:52] [INFO] [alzheimer_system]: Training Deep Learning model architecture: LSTM
[2026-07-31 10:20:09] [INFO] [alzheimer_system]: [XGBoost] Acc: 0.9700 | F1: 0.9744 | AUC: 0.9692
[2026-07-31 10:20:09] [INFO] [alzheimer_system]: Tuning & evaluating model: CatBoost
[2026-07-31 10:20:31] [INFO] [alzheimer_system]: [LSTM] Val Acc: 0.9600 | Val F1: 0.9655 | Val AUC: 1.0000
[2026-07-31 10:20:31] [INFO] [alzheimer_system]: Training Deep Learning model architecture: CNN-LSTM
[2026-07-31 10:20:48] [INFO] [alzheimer_system]: [XGBoost] Acc: 0.9700 | F1: 0.9744 | AUC: 0.9692
[2026-07-31 10:20:48] [INFO] [alzheimer_system]: Tuning & evaluating model: CatBoost
[2026-07-31 10:21:07] [INFO] [alzheimer_system]: [CNN-LSTM] Val Acc: 0.9600 | Val F1: 0.9630 | Val AUC: 1.0000
[2026-07-31 10:21:07] [INFO] [alzheimer_system]: EEG SELECTION: Winner is 'ML (Logistic Regression)' with ROC-AUC: 1.0000
[2026-07-31 10:21:10] [INFO] [alzheimer_system]: ==================================================
[2026-07-31 10:21:10] [INFO] [alzheimer_system]:     STARTING SPEECH AUDIO MODEL TRAINING PIPELINE 
[2026-07-31 10:21:10] [INFO] [alzheimer_system]: ==================================================
[2026-07-31 10:21:11] [INFO] [alzheimer_system]: Found 40 WAV files in Speech dataset
[2026-07-31 10:21:11] [INFO] [alzheimer_system]: Extracting speech features from 40 recordings...
[2026-07-31 10:21:12] [INFO] [alzheimer_system]: ==================================================
[2026-07-31 10:21:12] [INFO] [alzheimer_system]:   EEG TRAINING COMPLETE: Best = ML (Logistic Regression)
[2026-07-31 10:21:12] [INFO] [alzheimer_system]: ==================================================
[2026-07-31 10:21:30] [INFO] [alzheimer_system]: [CatBoost] Acc: 1.0000 | F1: 1.0000 | AUC: 1.0000
[2026-07-31 10:21:30] [INFO] [alzheimer_system]: Tuning & evaluating model: LightGBM
[2026-07-31 10:21:43] [INFO] [alzheimer_system]: ==================================================
[2026-07-31 10:21:43] [INFO] [alzheimer_system]:     STARTING SPEECH AUDIO MODEL TRAINING PIPELINE 
[2026-07-31 10:21:43] [INFO] [alzheimer_system]: ==================================================
[2026-07-31 10:21:43] [INFO] [alzheimer_system]: Found 20 WAV files in Speech dataset
[2026-07-31 10:21:43] [INFO] [alzheimer_system]: Extracting speech features from 20 recordings...
[2026-07-31 10:22:23] [INFO] [alzheimer_system]: ==================================================
[2026-07-31 10:22:23] [INFO] [alzheimer_system]:       STARTING EEG MODEL TRAINING PIPELINE        
[2026-07-31 10:22:23] [INFO] [alzheimer_system]: ==================================================
[2026-07-31 10:22:23] [INFO] [alzheimer_system]: Loading EEG recording from EEG dataset/AD_all_patients.csv...
[2026-07-31 10:22:24] [INFO] [alzheimer_system]: Saved EEG preprocessor to saved_models\eeg_preprocessor.pkl
[2026-07-31 10:22:24] [INFO] [alzheimer_system]: Training ML Model Suite across 5 algorithms with 5-fold CV...
[2026-07-31 10:22:24] [INFO] [alzheimer_system]: Tuning & evaluating model: Logistic Regression
[2026-07-31 10:22:29] [INFO] [alzheimer_system]: [CatBoost] Acc: 1.0000 | F1: 1.0000 | AUC: 1.0000
[2026-07-31 10:22:29] [INFO] [alzheimer_system]: Tuning & evaluating model: LightGBM
[2026-07-31 10:23:37] [INFO] [alzheimer_system]: Saved Speech preprocessor to saved_models\speech_preprocessor.pkl
[2026-07-31 10:23:37] [INFO] [alzheimer_system]: Training ML Model Suite across 5 algorithms with 5-fold CV...
[2026-07-31 10:23:37] [INFO] [alzheimer_system]: Tuning & evaluating model: Logistic Regression
[2026-07-31 10:24:09] [INFO] [alzheimer_system]: ==================================================
[2026-07-31 10:24:09] [INFO] [alzheimer_system]:     STARTING SPEECH AUDIO MODEL TRAINING PIPELINE 
[2026-07-31 10:24:09] [INFO] [alzheimer_system]: ==================================================
[2026-07-31 10:24:10] [INFO] [alzheimer_system]: Found 20 WAV files in Speech dataset
[2026-07-31 10:24:10] [INFO] [alzheimer_system]: Extracting speech features from 20 recordings...
[2026-07-31 10:24:10] [INFO] [alzheimer_system]: Saved Speech preprocessor to saved_models\speech_preprocessor.pkl
[2026-07-31 10:24:10] [INFO] [alzheimer_system]: Training ML Model Suite across 5 algorithms with 5-fold CV...
[2026-07-31 10:24:10] [INFO] [alzheimer_system]: Tuning & evaluating model: Logistic Regression
[2026-07-31 10:24:46] [INFO] [alzheimer_system]: ==================================================
[2026-07-31 10:24:46] [INFO] [alzheimer_system]:     STARTING SPEECH AUDIO MODEL TRAINING PIPELINE 
[2026-07-31 10:24:46] [INFO] [alzheimer_system]: ==================================================
[2026-07-31 10:24:47] [INFO] [alzheimer_system]: Found 20 WAV files in Speech dataset
[2026-07-31 10:24:47] [INFO] [alzheimer_system]: Extracting speech features from 20 recordings...
[2026-07-31 10:24:47] [INFO] [alzheimer_system]: [Logistic Regression] Acc: 0.5500 | F1: 0.5263 | AUC: 0.4100
[2026-07-31 10:24:47] [INFO] [alzheimer_system]: Tuning & evaluating model: Random Forest
[2026-07-31 10:25:03] [INFO] [alzheimer_system]: [Random Forest] Acc: 0.3500 | F1: 0.2353 | AUC: 0.2350
[2026-07-31 10:25:03] [INFO] [alzheimer_system]: Tuning & evaluating model: XGBoost
[2026-07-31 10:25:50] [INFO] [alzheimer_system]: ==================================================
[2026-07-31 10:25:50] [INFO] [alzheimer_system]:     STARTING SPEECH AUDIO MODEL TRAINING PIPELINE 
[2026-07-31 10:25:50] [INFO] [alzheimer_system]: ==================================================
[2026-07-31 10:25:50] [INFO] [alzheimer_system]: Found 20 WAV files in Speech dataset
[2026-07-31 10:25:50] [INFO] [alzheimer_system]: Extracting speech features from 20 recordings...
[2026-07-31 10:26:08] [INFO] [alzheimer_system]: [Logistic Regression] Acc: 0.3750 | F1: 0.3590 | AUC: 0.3684
[2026-07-31 10:26:08] [INFO] [alzheimer_system]: Tuning & evaluating model: Random Forest
[2026-07-31 10:26:13] [INFO] [alzheimer_system]: ==================================================
[2026-07-31 10:26:13] [INFO] [alzheimer_system]:     STARTING SPEECH AUDIO MODEL TRAINING PIPELINE 
[2026-07-31 10:26:13] [INFO] [alzheimer_system]: ==================================================
[2026-07-31 10:26:13] [INFO] [alzheimer_system]: Found 20 WAV files in Speech dataset
[2026-07-31 10:26:13] [INFO] [alzheimer_system]: Extracting speech features from 20 recordings...
[2026-07-31 10:26:24] [INFO] [alzheimer_system]: Saved Speech preprocessor to saved_models\speech_preprocessor.pkl
[2026-07-31 10:26:24] [INFO] [alzheimer_system]: Training ML Model Suite across 5 algorithms with 5-fold CV...
[2026-07-31 10:26:24] [INFO] [alzheimer_system]: Tuning & evaluating model: Logistic Regression
[2026-07-31 10:26:26] [INFO] [alzheimer_system]: [Random Forest] Acc: 0.4000 | F1: 0.4000 | AUC: 0.3509
[2026-07-31 10:26:26] [INFO] [alzheimer_system]: Tuning & evaluating model: XGBoost
[2026-07-31 10:26:34] [INFO] [alzheimer_system]: [Logistic Regression] Acc: 0.7500 | F1: 0.7826 | AUC: 0.7980
[2026-07-31 10:26:34] [INFO] [alzheimer_system]: Tuning & evaluating model: Random Forest
[2026-07-31 10:26:38] [INFO] [alzheimer_system]: ==================================================
[2026-07-31 10:26:38] [INFO] [alzheimer_system]:     STARTING SPEECH AUDIO MODEL TRAINING PIPELINE 
[2026-07-31 10:26:38] [INFO] [alzheimer_system]: ==================================================
[2026-07-31 10:26:38] [INFO] [alzheimer_system]: Found 20 WAV files in Speech dataset
[2026-07-31 10:26:38] [INFO] [alzheimer_system]: Extracting speech features from 20 recordings...
[2026-07-31 10:26:57] [INFO] [alzheimer_system]: [Random Forest] Acc: 0.6000 | F1: 0.6667 | AUC: 0.6212
[2026-07-31 10:26:57] [INFO] [alzheimer_system]: Tuning & evaluating model: XGBoost
[2026-07-31 10:27:04] [INFO] [alzheimer_system]: ==================================================
[2026-07-31 10:27:04] [INFO] [alzheimer_system]:     STARTING SPEECH AUDIO MODEL TRAINING PIPELINE 
[2026-07-31 10:27:04] [INFO] [alzheimer_system]: ==================================================
[2026-07-31 10:27:04] [INFO] [alzheimer_system]: Found 20 WAV files in Speech dataset
[2026-07-31 10:27:04] [INFO] [alzheimer_system]: Extracting speech features from 20 recordings...
[2026-07-31 10:27:20] [INFO] [alzheimer_system]: Saved Speech preprocessor to saved_models\speech_preprocessor.pkl
[2026-07-31 10:27:20] [INFO] [alzheimer_system]: Training ML Model Suite across 5 algorithms with 5-fold CV...
[2026-07-31 10:27:20] [INFO] [alzheimer_system]: Tuning & evaluating model: Logistic Regression
[2026-07-31 10:28:07] [INFO] [alzheimer_system]: Saved Speech preprocessor to saved_models\speech_preprocessor.pkl
[2026-07-31 10:28:07] [INFO] [alzheimer_system]: Training ML Model Suite across 5 algorithms with 5-fold CV...
[2026-07-31 10:28:07] [INFO] [alzheimer_system]: Tuning & evaluating model: Logistic Regression
[2026-07-31 10:28:46] [INFO] [alzheimer_system]: [Logistic Regression] Acc: 0.3750 | F1: 0.3590 | AUC: 0.3684
[2026-07-31 10:28:46] [INFO] [alzheimer_system]: Tuning & evaluating model: Random Forest
[2026-07-31 10:28:47] [INFO] [alzheimer_system]: [LightGBM] Acc: 0.9900 | F1: 0.9915 | AUC: 0.9805
[2026-07-31 10:28:47] [INFO] [alzheimer_system]: AUTOMATIC SELECTION: Best performing model is 'Logistic Regression' with ROC-AUC: 1.0000
[2026-07-31 10:28:56] [INFO] [alzheimer_system]: Training Deep Learning model architecture: CNN
[2026-07-31 10:29:11] [INFO] [alzheimer_system]: [Random Forest] Acc: 0.4000 | F1: 0.4000 | AUC: 0.3509
[2026-07-31 10:29:11] [INFO] [alzheimer_system]: Tuning & evaluating model: XGBoost
[2026-07-31 10:29:24] [INFO] [alzheimer_system]: Saved Speech preprocessor to saved_models\speech_preprocessor.pkl
[2026-07-31 10:29:24] [INFO] [alzheimer_system]: Training ML Model Suite across 5 algorithms with 5-fold CV...
[2026-07-31 10:29:24] [INFO] [alzheimer_system]: Tuning & evaluating model: Logistic Regression
[2026-07-31 10:29:57] [INFO] [alzheimer_system]: Saved Speech preprocessor to saved_models\speech_preprocessor.pkl
[2026-07-31 10:29:57] [INFO] [alzheimer_system]: Training ML Model Suite across 5 algorithms with 5-fold CV...
[2026-07-31 10:29:57] [INFO] [alzheimer_system]: Tuning & evaluating model: Logistic Regression
[2026-07-31 10:30:01] [INFO] [alzheimer_system]: [CNN] Val Acc: 1.0000 | Val F1: 1.0000 | Val AUC: 1.0000
[2026-07-31 10:30:01] [INFO] [alzheimer_system]: Training Deep Learning model architecture: LSTM
[2026-07-31 10:30:03] [INFO] [alzheimer_system]: [Logistic Regression] Acc: 0.7500 | F1: 0.7826 | AUC: 0.7980
[2026-07-31 10:30:03] [INFO] [alzheimer_system]: Tuning & evaluating model: Random Forest
[2026-07-31 10:30:03] [INFO] [alzheimer_system]: Saved Speech preprocessor to saved_models\speech_preprocessor.pkl
[2026-07-31 10:30:03] [INFO] [alzheimer_system]: Training ML Model Suite across 5 algorithms with 5-fold CV...
[2026-07-31 10:30:03] [INFO] [alzheimer_system]: Tuning & evaluating model: Logistic Regression
[2026-07-31 10:30:32] [INFO] [alzheimer_system]: [Random Forest] Acc: 0.6000 | F1: 0.6667 | AUC: 0.6212
[2026-07-31 10:30:32] [INFO] [alzheimer_system]: Tuning & evaluating model: XGBoost
[2026-07-31 10:30:36] [INFO] [alzheimer_system]: Saved Speech preprocessor to saved_models\speech_preprocessor.pkl
[2026-07-31 10:30:36] [INFO] [alzheimer_system]: Training ML Model Suite across 5 algorithms with 5-fold CV...
[2026-07-31 10:30:36] [INFO] [alzheimer_system]: Tuning & evaluating model: Logistic Regression
[2026-07-31 10:30:51] [INFO] [alzheimer_system]: [LightGBM] Acc: 0.9900 | F1: 0.9915 | AUC: 0.9805
[2026-07-31 10:30:52] [INFO] [alzheimer_system]: AUTOMATIC SELECTION: Best performing model is 'Logistic Regression' with ROC-AUC: 1.0000
[2026-07-31 10:30:56] [INFO] [alzheimer_system]: [Logistic Regression] Acc: 0.7500 | F1: 0.7826 | AUC: 0.7980
[2026-07-31 10:30:56] [INFO] [alzheimer_system]: Tuning & evaluating model: Random Forest
[2026-07-31 10:31:13] [INFO] [alzheimer_system]: Training Deep Learning model architecture: CNN
[2026-07-31 10:31:23] [INFO] [alzheimer_system]: [Random Forest] Acc: 0.6000 | F1: 0.6667 | AUC: 0.6212
[2026-07-31 10:31:23] [INFO] [alzheimer_system]: Tuning & evaluating model: XGBoost
[2026-07-31 10:31:25] [INFO] [alzheimer_system]: [LSTM] Val Acc: 0.7600 | Val F1: 0.8000 | Val AUC: 0.9091
[2026-07-31 10:31:25] [INFO] [alzheimer_system]: Training Deep Learning model architecture: CNN-LSTM
[2026-07-31 10:32:03] [INFO] [alzheimer_system]: [CNN] Val Acc: 0.8800 | Val F1: 0.8800 | Val AUC: 1.0000
[2026-07-31 10:32:03] [INFO] [alzheimer_system]: Training Deep Learning model architecture: LSTM
[2026-07-31 10:32:15] [INFO] [alzheimer_system]: [Logistic Regression] Acc: 0.7500 | F1: 0.7826 | AUC: 0.7980
[2026-07-31 10:32:15] [INFO] [alzheimer_system]: Tuning & evaluating model: Random Forest
[2026-07-31 10:32:45] [INFO] [alzheimer_system]: [Random Forest] Acc: 0.6000 | F1: 0.6667 | AUC: 0.6212
[2026-07-31 10:32:45] [INFO] [alzheimer_system]: Tuning & evaluating model: XGBoost
[2026-07-31 10:32:48] [INFO] [alzheimer_system]: [CNN-LSTM] Val Acc: 0.8400 | Val F1: 0.8333 | Val AUC: 1.0000
[2026-07-31 10:32:48] [INFO] [alzheimer_system]: EEG SELECTION: Winner is 'ML (Logistic Regression)' with ROC-AUC: 1.0000
[2026-07-31 10:32:51] [INFO] [alzheimer_system]: ==================================================
[2026-07-31 10:32:51] [INFO] [alzheimer_system]:   EEG TRAINING COMPLETE: Best = ML (Logistic Regression)
[2026-07-31 10:32:51] [INFO] [alzheimer_system]: ==================================================
[2026-07-31 10:33:08] [INFO] [alzheimer_system]: [Logistic Regression] Acc: 0.5000 | F1: 0.4444 | AUC: 0.5400
[2026-07-31 10:33:08] [INFO] [alzheimer_system]: Tuning & evaluating model: Random Forest
[2026-07-31 10:33:13] [INFO] [alzheimer_system]: [LSTM] Val Acc: 0.9600 | Val F1: 0.9655 | Val AUC: 1.0000
[2026-07-31 10:33:13] [INFO] [alzheimer_system]: Training Deep Learning model architecture: CNN-LSTM
[2026-07-31 10:33:13] [INFO] [alzheimer_system]: [Logistic Regression] Acc: 0.5000 | F1: 0.4444 | AUC: 0.5400
[2026-07-31 10:33:13] [INFO] [alzheimer_system]: Tuning & evaluating model: Random Forest
[2026-07-31 10:33:23] [INFO] [alzheimer_system]: [Random Forest] Acc: 0.4500 | F1: 0.3529 | AUC: 0.3700
[2026-07-31 10:33:23] [INFO] [alzheimer_system]: Tuning & evaluating model: XGBoost
[2026-07-31 10:33:25] [INFO] [alzheimer_system]: [Logistic Regression] Acc: 0.5000 | F1: 0.4444 | AUC: 0.5400
[2026-07-31 10:33:25] [INFO] [alzheimer_system]: Tuning & evaluating model: Random Forest
[2026-07-31 10:33:27] [INFO] [alzheimer_system]: [Random Forest] Acc: 0.4500 | F1: 0.3529 | AUC: 0.3700
[2026-07-31 10:33:27] [INFO] [alzheimer_system]: Tuning & evaluating model: XGBoost
[2026-07-31 10:33:36] [INFO] [alzheimer_system]: [Random Forest] Acc: 0.4500 | F1: 0.3529 | AUC: 0.3700
[2026-07-31 10:33:36] [INFO] [alzheimer_system]: Tuning & evaluating model: XGBoost
[2026-07-31 10:33:40] [INFO] [alzheimer_system]: ==================================================
[2026-07-31 10:33:40] [INFO] [alzheimer_system]:     STARTING SPEECH AUDIO MODEL TRAINING PIPELINE 
[2026-07-31 10:33:40] [INFO] [alzheimer_system]: ==================================================
[2026-07-31 10:33:40] [INFO] [alzheimer_system]: Found 20 WAV files in Speech dataset
[2026-07-31 10:33:40] [INFO] [alzheimer_system]: Extracting speech features from 20 recordings...
[2026-07-31 10:33:54] [INFO] [alzheimer_system]: [CNN-LSTM] Val Acc: 0.9600 | Val F1: 0.9655 | Val AUC: 1.0000
[2026-07-31 10:33:54] [INFO] [alzheimer_system]: EEG SELECTION: Winner is 'ML (Logistic Regression)' with ROC-AUC: 1.0000
[2026-07-31 10:33:56] [INFO] [alzheimer_system]: ==================================================
[2026-07-31 10:33:56] [INFO] [alzheimer_system]:   EEG TRAINING COMPLETE: Best = ML (Logistic Regression)
[2026-07-31 10:33:56] [INFO] [alzheimer_system]: ==================================================
[2026-07-31 10:34:00] [INFO] [alzheimer_system]: Saved Speech preprocessor to saved_models\speech_preprocessor.pkl
[2026-07-31 10:34:00] [INFO] [alzheimer_system]: Training ML Model Suite across 5 algorithms with 5-fold CV...
[2026-07-31 10:34:00] [INFO] [alzheimer_system]: Tuning & evaluating model: Logistic Regression
[2026-07-31 10:34:17] [INFO] [alzheimer_system]: ==================================================
[2026-07-31 10:34:17] [INFO] [alzheimer_system]:     STARTING SPEECH AUDIO MODEL TRAINING PIPELINE 
[2026-07-31 10:34:17] [INFO] [alzheimer_system]: ==================================================
[2026-07-31 10:34:17] [INFO] [alzheimer_system]: Found 20 WAV files in Speech dataset
[2026-07-31 10:34:17] [INFO] [alzheimer_system]: Extracting speech features from 20 recordings...
[2026-07-31 10:34:37] [INFO] [alzheimer_system]: [XGBoost] Acc: 0.3000 | F1: 0.2222 | AUC: 0.2850
[2026-07-31 10:34:37] [INFO] [alzheimer_system]: Tuning & evaluating model: CatBoost
[2026-07-31 10:34:45] [INFO] [alzheimer_system]: ==================================================
[2026-07-31 10:34:45] [INFO] [alzheimer_system]:     STARTING SPEECH AUDIO MODEL TRAINING PIPELINE 
[2026-07-31 10:34:45] [INFO] [alzheimer_system]: ==================================================
[2026-07-31 10:34:45] [INFO] [alzheimer_system]: Found 20 WAV files in Speech dataset
[2026-07-31 10:34:45] [INFO] [alzheimer_system]: Extracting speech features from 20 recordings...
[2026-07-31 10:34:47] [INFO] [alzheimer_system]: Saved Speech preprocessor to saved_models\speech_preprocessor.pkl
[2026-07-31 10:34:47] [INFO] [alzheimer_system]: Training ML Model Suite across 5 algorithms with 5-fold CV...
[2026-07-31 10:34:47] [INFO] [alzheimer_system]: Tuning & evaluating model: Logistic Regression
[2026-07-31 10:35:25] [INFO] [alzheimer_system]: Saved Speech preprocessor to saved_models\speech_preprocessor.pkl
[2026-07-31 10:35:25] [INFO] [alzheimer_system]: Training ML Model Suite across 5 algorithms with 5-fold CV...
[2026-07-31 10:35:25] [INFO] [alzheimer_system]: Tuning & evaluating model: Logistic Regression
[2026-07-31 10:35:30] [INFO] [alzheimer_system]: [XGBoost] Acc: 0.6500 | F1: 0.6957 | AUC: 0.7071
[2026-07-31 10:35:30] [INFO] [alzheimer_system]: Tuning & evaluating model: CatBoost
[2026-07-31 10:35:30] [WARNING] [alzheimer_system]: Jitter/Shimmer calculation fallback: Allocation failed (probably too large).
[2026-07-31 10:35:34] [WARNING] [alzheimer_system]: Error reading audio file Speech dataset\Archive\Process-rec-004\Process-rec-004__CTD.wav: Unable to allocate 8.65 MiB for an array with shape (1025, 2211) and data type float32
[2026-07-31 10:35:34] [WARNING] [alzheimer_system]: Jitter/Shimmer calculation fallback: Allocation failed (probably too large).
[2026-07-31 10:35:34] [INFO] [alzheimer_system]: [XGBoost] Acc: 0.6500 | F1: 0.6957 | AUC: 0.7071
[2026-07-31 10:35:34] [INFO] [alzheimer_system]: Tuning & evaluating model: CatBoost
[2026-07-31 10:35:34] [INFO] [alzheimer_system]: [XGBoost] Acc: 0.6500 | F1: 0.6957 | AUC: 0.7071
[2026-07-31 10:35:34] [INFO] [alzheimer_system]: Tuning & evaluating model: CatBoost
[2026-07-31 10:35:34] [INFO] [alzheimer_system]: [XGBoost] Acc: 0.6500 | F1: 0.6957 | AUC: 0.7071
[2026-07-31 10:35:34] [INFO] [alzheimer_system]: Tuning & evaluating model: CatBoost
[2026-07-31 10:35:35] [WARNING] [alzheimer_system]: Error reading audio file Speech dataset\Archive\Process-rec-004\Process-rec-004__PFT.wav: Unable to allocate 3.68 MiB for an array with shape (963968,) and data type float32
[2026-07-31 10:35:35] [INFO] [alzheimer_system]: [XGBoost] Acc: 0.3500 | F1: 0.3158 | AUC: 0.4500
[2026-07-31 10:35:35] [INFO] [alzheimer_system]: Tuning & evaluating model: CatBoost
[2026-07-31 10:35:35] [INFO] [alzheimer_system]: [XGBoost] Acc: 0.3500 | F1: 0.3158 | AUC: 0.4500
[2026-07-31 10:35:35] [INFO] [alzheimer_system]: Tuning & evaluating model: CatBoost
[2026-07-31 10:35:35] [INFO] [alzheimer_system]: [XGBoost] Acc: 0.3500 | F1: 0.3158 | AUC: 0.4500
[2026-07-31 10:35:35] [INFO] [alzheimer_system]: Tuning & evaluating model: CatBoost
[2026-07-31 10:35:35] [WARNING] [alzheimer_system]: Error reading audio file Speech dataset\Archive\Process-rec-004\Process-rec-004__CTD.wav: Unable to allocate 8.65 MiB for an array with shape (1025, 2211) and data type float32
[2026-07-31 10:35:35] [INFO] [alzheimer_system]: [XGBoost] Acc: 0.3500 | F1: 0.4091 | AUC: 0.2607
[2026-07-31 10:35:36] [INFO] [alzheimer_system]: Tuning & evaluating model: CatBoost
[2026-07-31 10:35:36] [INFO] [alzheimer_system]: [XGBoost] Acc: 0.3500 | F1: 0.4091 | AUC: 0.2607
[2026-07-31 10:35:36] [INFO] [alzheimer_system]: Tuning & evaluating model: CatBoost
[2026-07-31 10:35:36] [WARNING] [alzheimer_system]: Error reading audio file Speech dataset\Archive\Process-rec-004\Process-rec-004__SFT.wav: Unable to allocate 3.67 MiB for an array with shape (960960,) and data type float32
[2026-07-31 10:36:13] [INFO] [alzheimer_system]: [Logistic Regression] Acc: 0.6500 | F1: 0.6316 | AUC: 0.7500
[2026-07-31 10:36:13] [INFO] [alzheimer_system]: Tuning & evaluating model: Random Forest
[2026-07-31 10:36:23] [INFO] [alzheimer_system]: [CatBoost] Acc: 0.4000 | F1: 0.3333 | AUC: 0.3700
[2026-07-31 10:36:23] [INFO] [alzheimer_system]: Tuning & evaluating model: LightGBM
[2026-07-31 10:36:23] [INFO] [alzheimer_system]: [CatBoost] Acc: 0.6000 | F1: 0.6364 | AUC: 0.6263
[2026-07-31 10:36:23] [INFO] [alzheimer_system]: Tuning & evaluating model: LightGBM
[2026-07-31 10:36:24] [INFO] [alzheimer_system]: [CatBoost] Acc: 0.6000 | F1: 0.6364 | AUC: 0.6263
[2026-07-31 10:36:24] [INFO] [alzheimer_system]: Tuning & evaluating model: LightGBM
[2026-07-31 10:36:26] [INFO] [alzheimer_system]: [Random Forest] Acc: 0.6000 | F1: 0.5556 | AUC: 0.5400
[2026-07-31 10:36:26] [INFO] [alzheimer_system]: Tuning & evaluating model: XGBoost
[2026-07-31 10:36:35] [INFO] [alzheimer_system]: [CatBoost] Acc: 0.4000 | F1: 0.3333 | AUC: 0.3700
[2026-07-31 10:36:35] [INFO] [alzheimer_system]: Tuning & evaluating model: LightGBM
[2026-07-31 10:36:35] [INFO] [alzheimer_system]: [CatBoost] Acc: 0.4000 | F1: 0.3333 | AUC: 0.3700
[2026-07-31 10:36:35] [INFO] [alzheimer_system]: Tuning & evaluating model: LightGBM
[2026-07-31 10:37:41] [INFO] [alzheimer_system]: [LightGBM] Acc: 0.4500 | F1: 0.5926 | AUC: 0.4192
[2026-07-31 10:37:41] [INFO] [alzheimer_system]: AUTOMATIC SELECTION: Best performing model is 'Logistic Regression' with ROC-AUC: 0.7980
[2026-07-31 10:37:41] [INFO] [alzheimer_system]: [LightGBM] Acc: 0.4500 | F1: 0.5926 | AUC: 0.4192
[2026-07-31 10:37:41] [INFO] [alzheimer_system]: AUTOMATIC SELECTION: Best performing model is 'Logistic Regression' with ROC-AUC: 0.7980
[2026-07-31 10:37:42] [INFO] [alzheimer_system]: [LightGBM] Acc: 0.5000 | F1: 0.0000 | AUC: 0.5000
[2026-07-31 10:37:42] [INFO] [alzheimer_system]: AUTOMATIC SELECTION: Best performing model is 'Logistic Regression' with ROC-AUC: 0.5400
[2026-07-31 10:37:45] [INFO] [alzheimer_system]: [LightGBM] Acc: 0.5000 | F1: 0.0000 | AUC: 0.5000
[2026-07-31 10:37:45] [INFO] [alzheimer_system]: AUTOMATIC SELECTION: Best performing model is 'Logistic Regression' with ROC-AUC: 0.5400
[2026-07-31 10:37:46] [INFO] [alzheimer_system]: [LightGBM] Acc: 0.5000 | F1: 0.0000 | AUC: 0.5000
[2026-07-31 10:37:46] [INFO] [alzheimer_system]: AUTOMATIC SELECTION: Best performing model is 'Logistic Regression' with ROC-AUC: 0.5400
[2026-07-31 10:38:00] [INFO] [alzheimer_system]: [XGBoost] Acc: 0.5000 | F1: 0.5455 | AUC: 0.6100
[2026-07-31 10:38:01] [INFO] [alzheimer_system]: Tuning & evaluating model: CatBoost
[2026-07-31 10:38:02] [INFO] [alzheimer_system]: Training Deep Learning model architecture: CNN
[2026-07-31 10:38:05] [INFO] [alzheimer_system]: Training Deep Learning model architecture: CNN
[2026-07-31 10:38:10] [INFO] [alzheimer_system]: Training Deep Learning model architecture: CNN
[2026-07-31 10:38:15] [INFO] [alzheimer_system]: Training Deep Learning model architecture: CNN
[2026-07-31 10:38:16] [INFO] [alzheimer_system]: Training Deep Learning model architecture: CNN
[2026-07-31 10:38:24] [INFO] [alzheimer_system]: [CatBoost] Acc: 0.6000 | F1: 0.6364 | AUC: 0.6263
[2026-07-31 10:38:24] [INFO] [alzheimer_system]: Tuning & evaluating model: LightGBM
[2026-07-31 10:38:29] [INFO] [alzheimer_system]: Loading Cognitive preprocessor from saved_models\cognitive_preprocessor.pkl
[2026-07-31 10:38:31] [INFO] [alzheimer_system]: [CatBoost] Acc: 0.6000 | F1: 0.6364 | AUC: 0.6263
[2026-07-31 10:38:31] [INFO] [alzheimer_system]: Tuning & evaluating model: LightGBM
[2026-07-31 10:38:31] [INFO] [alzheimer_system]: Successfully initialized Multimodal Predictor artifacts.
[2026-07-31 10:38:31] [INFO] [alzheimer_system]: Starting Flask Multimodal Alzheimer's System Server on http://127.0.0.1:5000 ...
[2026-07-31 10:38:36] [INFO] [alzheimer_system]: [CatBoost] Acc: 0.4500 | F1: 0.5000 | AUC: 0.3935
[2026-07-31 10:38:36] [INFO] [alzheimer_system]: Tuning & evaluating model: LightGBM
[2026-07-31 10:38:43] [INFO] [alzheimer_system]: [CatBoost] Acc: 0.4500 | F1: 0.5000 | AUC: 0.3935
[2026-07-31 10:38:43] [INFO] [alzheimer_system]: Tuning & evaluating model: LightGBM
[2026-07-31 10:38:44] [WARNING] [alzheimer_system]: Jitter/Shimmer calculation fallback: Allocation failed (probably too large).
[2026-07-31 10:38:49] [INFO] [alzheimer_system]: Loading Cognitive preprocessor from saved_models\cognitive_preprocessor.pkl
[2026-07-31 10:38:54] [INFO] [alzheimer_system]: Successfully initialized Multimodal Predictor artifacts.
[2026-07-31 10:38:54] [INFO] [alzheimer_system]: Starting Flask Multimodal Alzheimer's System Server on http://127.0.0.1:5000 ...
[2026-07-31 10:39:17] [INFO] [alzheimer_system]: [LightGBM] Acc: 0.4750 | F1: 0.6038 | AUC: 0.4599
[2026-07-31 10:39:17] [INFO] [alzheimer_system]: AUTOMATIC SELECTION: Best performing model is 'LightGBM' with ROC-AUC: 0.4599
[2026-07-31 10:39:23] [INFO] [alzheimer_system]: ==================================================
[2026-07-31 10:39:23] [INFO] [alzheimer_system]:     STARTING SPEECH AUDIO MODEL TRAINING PIPELINE 
[2026-07-31 10:39:23] [INFO] [alzheimer_system]: ==================================================
[2026-07-31 10:39:23] [INFO] [alzheimer_system]: Found 20 WAV files in Speech dataset
[2026-07-31 10:39:23] [INFO] [alzheimer_system]: Extracting speech features from 20 recordings...
[2026-07-31 10:39:26] [INFO] [alzheimer_system]: Training Deep Learning model architecture: CNN
[2026-07-31 10:39:27] [INFO] [alzheimer_system]: [LightGBM] Acc: 0.4500 | F1: 0.5926 | AUC: 0.4192
[2026-07-31 10:39:27] [INFO] [alzheimer_system]: AUTOMATIC SELECTION: Best performing model is 'Logistic Regression' with ROC-AUC: 0.7980
[2026-07-31 10:39:31] [INFO] [alzheimer_system]: [LightGBM] Acc: 0.4750 | F1: 0.6038 | AUC: 0.4599
[2026-07-31 10:39:31] [INFO] [alzheimer_system]: AUTOMATIC SELECTION: Best performing model is 'LightGBM' with ROC-AUC: 0.4599
[2026-07-31 10:39:33] [INFO] [alzheimer_system]: Loading Cognitive preprocessor from saved_models\cognitive_preprocessor.pkl
[2026-07-31 10:39:34] [INFO] [alzheimer_system]: Successfully initialized Multimodal Predictor artifacts.
[2026-07-31 10:39:34] [INFO] [alzheimer_system]: Starting Flask Multimodal Alzheimer's System Server on http://127.0.0.1:5000 ...
[2026-07-31 10:39:34] [INFO] [alzheimer_system]: Training Deep Learning model architecture: CNN
[2026-07-31 10:39:37] [INFO] [alzheimer_system]: Training Deep Learning model architecture: CNN
[2026-07-31 10:39:41] [INFO] [alzheimer_system]: [CNN] Val Acc: 0.6000 | Val F1: 0.5000 | Val AUC: 0.6667
[2026-07-31 10:39:41] [INFO] [alzheimer_system]: Training Deep Learning model architecture: LSTM
[2026-07-31 10:39:42] [INFO] [alzheimer_system]: [CNN] Val Acc: 0.8000 | Val F1: 0.8000 | Val AUC: 0.8333
[2026-07-31 10:39:42] [INFO] [alzheimer_system]: Training Deep Learning model architecture: LSTM
[2026-07-31 10:39:44] [INFO] [alzheimer_system]: [CNN] Val Acc: 0.2000 | Val F1: 0.0000 | Val AUC: 0.3333
[2026-07-31 10:39:44] [INFO] [alzheimer_system]: Training Deep Learning model architecture: LSTM
[2026-07-31 10:39:45] [INFO] [alzheimer_system]: [CNN] Val Acc: 0.4000 | Val F1: 0.4000 | Val AUC: 0.6667
[2026-07-31 10:39:45] [INFO] [alzheimer_system]: Training Deep Learning model architecture: LSTM
[2026-07-31 10:39:50] [INFO] [alzheimer_system]: Saved Speech preprocessor to saved_models\speech_preprocessor.pkl
[2026-07-31 10:39:50] [INFO] [alzheimer_system]: Training ML Model Suite across 5 algorithms with 5-fold CV...
[2026-07-31 10:39:50] [INFO] [alzheimer_system]: Tuning & evaluating model: Logistic Regression
[2026-07-31 10:39:51] [INFO] [alzheimer_system]: [Logistic Regression] Acc: 0.6500 | F1: 0.6316 | AUC: 0.7500
[2026-07-31 10:39:51] [INFO] [alzheimer_system]: Tuning & evaluating model: Random Forest
[2026-07-31 10:39:54] [INFO] [alzheimer_system]: [CNN] Val Acc: 0.3000 | Val F1: 0.2222 | Val AUC: 0.3600
[2026-07-31 10:39:54] [INFO] [alzheimer_system]: Training Deep Learning model architecture: LSTM
[2026-07-31 10:39:58] [INFO] [alzheimer_system]: [CNN] Val Acc: 0.4000 | Val F1: 0.5714 | Val AUC: 0.3333
[2026-07-31 10:39:58] [INFO] [alzheimer_system]: Training Deep Learning model architecture: LSTM
[2026-07-31 10:40:05] [INFO] [alzheimer_system]: [LSTM] Val Acc: 0.4000 | Val F1: 0.4000 | Val AUC: 0.6667
[2026-07-31 10:40:05] [INFO] [alzheimer_system]: Training Deep Learning model architecture: CNN-LSTM
[2026-07-31 10:40:06] [INFO] [alzheimer_system]: [LSTM] Val Acc: 0.4000 | Val F1: 0.0000 | Val AUC: 0.3333
[2026-07-31 10:40:06] [INFO] [alzheimer_system]: Training Deep Learning model architecture: CNN-LSTM
[2026-07-31 10:40:10] [INFO] [alzheimer_system]: [LSTM] Val Acc: 0.4000 | Val F1: 0.0000 | Val AUC: 0.3333
[2026-07-31 10:40:10] [INFO] [alzheimer_system]: Training Deep Learning model architecture: CNN-LSTM
[2026-07-31 10:40:11] [INFO] [alzheimer_system]: Loading Cognitive preprocessor from saved_models\cognitive_preprocessor.pkl
[2026-07-31 10:40:13] [INFO] [alzheimer_system]: [LSTM] Val Acc: 0.8000 | Val F1: 0.8571 | Val AUC: 0.6667
[2026-07-31 10:40:13] [INFO] [alzheimer_system]: Training Deep Learning model architecture: CNN-LSTM
[2026-07-31 10:40:13] [INFO] [alzheimer_system]: [CNN] Val Acc: 0.9000 | Val F1: 0.8889 | Val AUC: 0.8800
[2026-07-31 10:40:13] [INFO] [alzheimer_system]: Training Deep Learning model architecture: LSTM
[2026-07-31 10:40:14] [INFO] [alzheimer_system]: Successfully initialized Multimodal Predictor artifacts.
[2026-07-31 10:40:20] [INFO] [alzheimer_system]: [LSTM] Val Acc: 0.3000 | Val F1: 0.3636 | Val AUC: 0.2000
[2026-07-31 10:40:20] [INFO] [alzheimer_system]: Training Deep Learning model architecture: CNN-LSTM
[2026-07-31 10:40:20] [INFO] [alzheimer_system]: [Random Forest] Acc: 0.6000 | F1: 0.5556 | AUC: 0.5400
[2026-07-31 10:40:20] [INFO] [alzheimer_system]: Tuning & evaluating model: XGBoost
[2026-07-31 10:40:30] [INFO] [alzheimer_system]: [LSTM] Val Acc: 0.8000 | Val F1: 0.8571 | Val AUC: 0.6667
[2026-07-31 10:40:30] [INFO] [alzheimer_system]: Training Deep Learning model architecture: CNN-LSTM
[2026-07-31 10:40:30] [INFO] [alzheimer_system]: [CNN-LSTM] Val Acc: 0.4000 | Val F1: 0.5714 | Val AUC: 0.3333
[2026-07-31 10:40:30] [INFO] [alzheimer_system]: SPEECH SELECTION: Winner is 'Deep Learning (CNN)' with ROC-AUC: 0.6667
[2026-07-31 10:40:31] [INFO] [alzheimer_system]: [CNN-LSTM] Val Acc: 0.6000 | Val F1: 0.7500 | Val AUC: 0.6667
[2026-07-31 10:40:31] [INFO] [alzheimer_system]: SPEECH SELECTION: Winner is 'Deep Learning (CNN)' with ROC-AUC: 0.8333
[2026-07-31 10:40:34] [INFO] [alzheimer_system]: ==================================================
[2026-07-31 10:40:34] [INFO] [alzheimer_system]:   SPEECH TRAINING COMPLETE: Best = Deep Learning (CNN)
[2026-07-31 10:40:34] [INFO] [alzheimer_system]: ==================================================
[2026-07-31 10:40:35] [INFO] [alzheimer_system]: ==================================================
[2026-07-31 10:40:35] [INFO] [alzheimer_system]:   SPEECH TRAINING COMPLETE: Best = Deep Learning (CNN)
[2026-07-31 10:40:35] [INFO] [alzheimer_system]: ==================================================
[2026-07-31 10:40:39] [INFO] [alzheimer_system]: [CNN-LSTM] Val Acc: 0.4000 | Val F1: 0.0000 | Val AUC: 0.5000
[2026-07-31 10:40:39] [INFO] [alzheimer_system]: SPEECH SELECTION: Winner is 'ML (Logistic Regression)' with ROC-AUC: 0.5400
[2026-07-31 10:40:43] [INFO] [alzheimer_system]: [LSTM] Val Acc: 0.7000 | Val F1: 0.7692 | Val AUC: 0.5600
[2026-07-31 10:40:43] [INFO] [alzheimer_system]: Training Deep Learning model architecture: CNN-LSTM
[2026-07-31 10:40:44] [INFO] [alzheimer_system]: [CNN-LSTM] Val Acc: 0.4000 | Val F1: 0.0000 | Val AUC: 0.6667
[2026-07-31 10:40:44] [INFO] [alzheimer_system]: SPEECH SELECTION: Winner is 'ML (Logistic Regression)' with ROC-AUC: 0.7980
[2026-07-31 10:40:46] [INFO] [alzheimer_system]: ==================================================
[2026-07-31 10:40:46] [INFO] [alzheimer_system]:   SPEECH TRAINING COMPLETE: Best = ML (Logistic Regression)
[2026-07-31 10:40:46] [INFO] [alzheimer_system]: ==================================================
[2026-07-31 10:40:49] [INFO] [alzheimer_system]: [CNN-LSTM] Val Acc: 0.5000 | Val F1: 0.6667 | Val AUC: 0.8000
[2026-07-31 10:40:49] [INFO] [alzheimer_system]: SPEECH SELECTION: Winner is 'Deep Learning (CNN-LSTM)' with ROC-AUC: 0.8000
[2026-07-31 10:40:49] [INFO] [alzheimer_system]: ==================================================
[2026-07-31 10:40:49] [INFO] [alzheimer_system]:   SPEECH TRAINING COMPLETE: Best = ML (Logistic Regression)
[2026-07-31 10:40:49] [INFO] [alzheimer_system]: ==================================================
[2026-07-31 10:40:55] [INFO] [alzheimer_system]: Loading Cognitive preprocessor from saved_models\cognitive_preprocessor.pkl
[2026-07-31 10:40:57] [INFO] [alzheimer_system]: [CNN-LSTM] Val Acc: 0.6000 | Val F1: 0.7500 | Val AUC: 0.6667
[2026-07-31 10:40:57] [INFO] [alzheimer_system]: SPEECH SELECTION: Winner is 'ML (Logistic Regression)' with ROC-AUC: 0.7980
[2026-07-31 10:40:58] [INFO] [alzheimer_system]: ==================================================
[2026-07-31 10:40:58] [INFO] [alzheimer_system]:   SPEECH TRAINING COMPLETE: Best = Deep Learning (CNN-LSTM)
[2026-07-31 10:40:58] [INFO] [alzheimer_system]: ==================================================
[2026-07-31 10:41:06] [INFO] [alzheimer_system]: ==================================================
[2026-07-31 10:41:06] [INFO] [alzheimer_system]:   SPEECH TRAINING COMPLETE: Best = ML (Logistic Regression)
[2026-07-31 10:41:06] [INFO] [alzheimer_system]: ==================================================
[2026-07-31 10:41:31] [INFO] [alzheimer_system]: [CNN-LSTM] Val Acc: 0.6000 | Val F1: 0.6667 | Val AUC: 0.6000
[2026-07-31 10:41:31] [INFO] [alzheimer_system]: SPEECH SELECTION: Winner is 'Deep Learning (CNN)' with ROC-AUC: 0.8800
[2026-07-31 10:41:46] [INFO] [alzheimer_system]: ==================================================
[2026-07-31 10:41:46] [INFO] [alzheimer_system]:   SPEECH TRAINING COMPLETE: Best = Deep Learning (CNN)
[2026-07-31 10:41:46] [INFO] [alzheimer_system]: ==================================================
[2026-07-31 10:41:56] [INFO] [alzheimer_system]: ==================================================
[2026-07-31 10:41:56] [INFO] [alzheimer_system]:     STARTING SPEECH AUDIO MODEL TRAINING PIPELINE 
[2026-07-31 10:41:56] [INFO] [alzheimer_system]: ==================================================
[2026-07-31 10:41:56] [INFO] [alzheimer_system]: Found 20 WAV files in Speech dataset
[2026-07-31 10:41:56] [INFO] [alzheimer_system]: Extracting speech features from 20 recordings...
[2026-07-31 10:41:59] [INFO] [alzheimer_system]: Loading Cognitive preprocessor from saved_models\cognitive_preprocessor.pkl
[2026-07-31 10:42:06] [WARNING] [alzheimer_system]: Note on artifact loading: 42. Fallback mechanisms active.
[2026-07-31 10:42:06] [INFO] [alzheimer_system]: Starting Flask Multimodal Alzheimer's System Server on http://127.0.0.1:5000 ...
[2026-07-31 10:42:08] [INFO] [alzheimer_system]: ==================================================
[2026-07-31 10:42:08] [INFO] [alzheimer_system]:     STARTING SPEECH AUDIO MODEL TRAINING PIPELINE 
[2026-07-31 10:42:08] [INFO] [alzheimer_system]: ==================================================
[2026-07-31 10:42:08] [INFO] [alzheimer_system]: Found 20 WAV files in Speech dataset
[2026-07-31 10:42:08] [INFO] [alzheimer_system]: Extracting speech features from 20 recordings...
[2026-07-31 10:42:11] [INFO] [alzheimer_system]: Saved Speech preprocessor to saved_models\speech_preprocessor.pkl
[2026-07-31 10:42:11] [INFO] [alzheimer_system]: Training ML Model Suite across 5 algorithms with 5-fold CV...
[2026-07-31 10:42:11] [INFO] [alzheimer_system]: Tuning & evaluating model: Logistic Regression
[2026-07-31 10:42:11] [INFO] [alzheimer_system]: [Logistic Regression] Acc: 0.6500 | F1: 0.6316 | AUC: 0.7500
[2026-07-31 10:42:11] [INFO] [alzheimer_system]: Tuning & evaluating model: Random Forest
[2026-07-31 10:42:12] [INFO] [alzheimer_system]: Successfully initialized Multimodal Predictor artifacts.
[2026-07-31 10:42:12] [INFO] [alzheimer_system]: Starting Flask Multimodal Alzheimer's System Server on http://127.0.0.1:5000 ...
[2026-07-31 10:42:14] [INFO] [alzheimer_system]: [XGBoost] Acc: 0.5000 | F1: 0.5455 | AUC: 0.6100
[2026-07-31 10:42:14] [INFO] [alzheimer_system]: Tuning & evaluating model: CatBoost
[2026-07-31 10:42:18] [INFO] [alzheimer_system]: Saved Speech preprocessor to saved_models\speech_preprocessor.pkl
[2026-07-31 10:42:18] [INFO] [alzheimer_system]: Training ML Model Suite across 5 algorithms with 5-fold CV...
[2026-07-31 10:42:18] [INFO] [alzheimer_system]: Tuning & evaluating model: Logistic Regression
[2026-07-31 10:42:18] [INFO] [alzheimer_system]: [Logistic Regression] Acc: 0.6500 | F1: 0.6316 | AUC: 0.7500
[2026-07-31 10:42:18] [INFO] [alzheimer_system]: Tuning & evaluating model: Random Forest
[2026-07-31 10:42:24] [INFO] [alzheimer_system]: [CatBoost] Acc: 0.5500 | F1: 0.5714 | AUC: 0.5300
[2026-07-31 10:42:24] [INFO] [alzheimer_system]: Tuning & evaluating model: LightGBM
[2026-07-31 10:42:26] [INFO] [alzheimer_system]: [LightGBM] Acc: 0.5000 | F1: 0.0000 | AUC: 0.5000
[2026-07-31 10:42:26] [INFO] [alzheimer_system]: AUTOMATIC SELECTION: Best performing model is 'Logistic Regression' with ROC-AUC: 0.7500
[2026-07-31 10:42:27] [INFO] [alzheimer_system]: Training Deep Learning model architecture: CNN
[2026-07-31 10:42:28] [INFO] [alzheimer_system]: [Random Forest] Acc: 0.6000 | F1: 0.5556 | AUC: 0.5400
[2026-07-31 10:42:28] [INFO] [alzheimer_system]: Tuning & evaluating model: XGBoost
[2026-07-31 10:42:30] [INFO] [alzheimer_system]: [XGBoost] Acc: 0.5000 | F1: 0.5455 | AUC: 0.6100
[2026-07-31 10:42:30] [INFO] [alzheimer_system]: Tuning & evaluating model: CatBoost
[2026-07-31 10:42:33] [INFO] [alzheimer_system]: [Random Forest] Acc: 0.6000 | F1: 0.5556 | AUC: 0.5400
[2026-07-31 10:42:33] [INFO] [alzheimer_system]: Tuning & evaluating model: XGBoost
[2026-07-31 10:42:35] [INFO] [alzheimer_system]: [CNN] Val Acc: 0.4000 | Val F1: 0.0000 | Val AUC: 0.6667
[2026-07-31 10:42:35] [INFO] [alzheimer_system]: Training Deep Learning model architecture: LSTM
[2026-07-31 10:42:40] [INFO] [alzheimer_system]: [XGBoost] Acc: 0.5000 | F1: 0.5455 | AUC: 0.6100
[2026-07-31 10:42:40] [INFO] [alzheimer_system]: Tuning & evaluating model: CatBoost
[2026-07-31 10:42:40] [INFO] [alzheimer_system]: [CatBoost] Acc: 0.5500 | F1: 0.5714 | AUC: 0.5300
[2026-07-31 10:42:40] [INFO] [alzheimer_system]: Tuning & evaluating model: LightGBM
[2026-07-31 10:42:42] [INFO] [alzheimer_system]: [LightGBM] Acc: 0.5000 | F1: 0.0000 | AUC: 0.5000
[2026-07-31 10:42:42] [INFO] [alzheimer_system]: AUTOMATIC SELECTION: Best performing model is 'Logistic Regression' with ROC-AUC: 0.7500
[2026-07-31 10:42:43] [INFO] [alzheimer_system]: Training Deep Learning model architecture: CNN
[2026-07-31 10:42:47] [INFO] [alzheimer_system]: [LSTM] Val Acc: 0.4000 | Val F1: 0.0000 | Val AUC: 1.0000
[2026-07-31 10:42:47] [INFO] [alzheimer_system]: Training Deep Learning model architecture: CNN-LSTM
[2026-07-31 10:42:49] [INFO] [alzheimer_system]: [CatBoost] Acc: 0.5500 | F1: 0.5714 | AUC: 0.5300
[2026-07-31 10:42:49] [INFO] [alzheimer_system]: Tuning & evaluating model: LightGBM
[2026-07-31 10:42:51] [INFO] [alzheimer_system]: [CNN] Val Acc: 0.6000 | Val F1: 0.5000 | Val AUC: 0.8333
[2026-07-31 10:42:51] [INFO] [alzheimer_system]: Training Deep Learning model architecture: LSTM
[2026-07-31 10:42:52] [INFO] [alzheimer_system]: [LightGBM] Acc: 0.5000 | F1: 0.0000 | AUC: 0.5000
[2026-07-31 10:42:52] [INFO] [alzheimer_system]: AUTOMATIC SELECTION: Best performing model is 'Logistic Regression' with ROC-AUC: 0.7500
[2026-07-31 10:42:52] [INFO] [alzheimer_system]: Training Deep Learning model architecture: CNN
[2026-07-31 10:42:55] [INFO] [alzheimer_system]: [CNN-LSTM] Val Acc: 0.4000 | Val F1: 0.0000 | Val AUC: 0.0000
[2026-07-31 10:42:55] [INFO] [alzheimer_system]: SPEECH SELECTION: Winner is 'Deep Learning (LSTM)' with ROC-AUC: 1.0000
[2026-07-31 10:42:56] [INFO] [alzheimer_system]: ==================================================
[2026-07-31 10:42:56] [INFO] [alzheimer_system]:   SPEECH TRAINING COMPLETE: Best = Deep Learning (LSTM)
[2026-07-31 10:42:56] [INFO] [alzheimer_system]: ==================================================
[2026-07-31 10:42:58] [INFO] [alzheimer_system]: [CNN] Val Acc: 0.4000 | Val F1: 0.0000 | Val AUC: 0.1667
[2026-07-31 10:42:58] [INFO] [alzheimer_system]: Training Deep Learning model architecture: LSTM
[2026-07-31 10:43:00] [INFO] [alzheimer_system]: [LSTM] Val Acc: 0.4000 | Val F1: 0.4000 | Val AUC: 0.1667
[2026-07-31 10:43:00] [INFO] [alzheimer_system]: Training Deep Learning model architecture: CNN-LSTM
[2026-07-31 10:43:06] [INFO] [alzheimer_system]: [LSTM] Val Acc: 0.8000 | Val F1: 0.8571 | Val AUC: 0.6667
[2026-07-31 10:43:06] [INFO] [alzheimer_system]: Training Deep Learning model architecture: CNN-LSTM
[2026-07-31 10:43:06] [INFO] [alzheimer_system]: [CNN-LSTM] Val Acc: 0.4000 | Val F1: 0.0000 | Val AUC: 0.3333
[2026-07-31 10:43:06] [INFO] [alzheimer_system]: SPEECH SELECTION: Winner is 'Deep Learning (CNN)' with ROC-AUC: 0.8333
[2026-07-31 10:43:06] [INFO] [alzheimer_system]: ==================================================
[2026-07-31 10:43:06] [INFO] [alzheimer_system]:   SPEECH TRAINING COMPLETE: Best = Deep Learning (CNN)
[2026-07-31 10:43:06] [INFO] [alzheimer_system]: ==================================================
[2026-07-31 10:43:11] [INFO] [alzheimer_system]: [CNN-LSTM] Val Acc: 0.4000 | Val F1: 0.0000 | Val AUC: 0.3333
[2026-07-31 10:43:11] [INFO] [alzheimer_system]: SPEECH SELECTION: Winner is 'ML (Logistic Regression)' with ROC-AUC: 0.7500
[2026-07-31 10:43:11] [INFO] [alzheimer_system]: Saved best speech model (ML (Logistic Regression)) to saved_models/best_speech_model.pkl
[2026-07-31 10:43:12] [INFO] [alzheimer_system]: ==================================================
[2026-07-31 10:43:12] [INFO] [alzheimer_system]:   SPEECH TRAINING COMPLETE: Best = ML (Logistic Regression)
[2026-07-31 10:43:12] [INFO] [alzheimer_system]: ==================================================
[2026-07-31 11:06:01] [INFO] [alzheimer_system]: Received multimodal prediction request...
[2026-07-31 11:06:01] [INFO] [alzheimer_system]: Executing end-to-end multimodal prediction...
[2026-07-31 11:06:12] [INFO] [alzheimer_system]: Received multimodal prediction request...
[2026-07-31 11:06:12] [INFO] [alzheimer_system]: Executing end-to-end multimodal prediction...
[2026-07-31 11:06:17] [INFO] [alzheimer_system]: Received multimodal prediction request...
[2026-07-31 11:06:17] [INFO] [alzheimer_system]: Executing end-to-end multimodal prediction...
[2026-07-31 11:06:21] [INFO] [alzheimer_system]: Received multimodal prediction request...
[2026-07-31 11:06:21] [INFO] [alzheimer_system]: Executing end-to-end multimodal prediction...
[2026-07-31 11:08:06] [INFO] [alzheimer_system]: Loading Cognitive preprocessor from saved_models\cognitive_preprocessor.pkl
[2026-07-31 11:08:07] [INFO] [alzheimer_system]: Successfully initialized Multimodal Predictor artifacts.
[2026-07-31 11:08:07] [INFO] [alzheimer_system]: Starting Flask Multimodal Alzheimer's System Server on http://127.0.0.1:5000 ...
[2026-07-31 11:09:01] [INFO] [alzheimer_system]: Received multimodal prediction request...
[2026-07-31 11:09:01] [INFO] [alzheimer_system]: Executing end-to-end multimodal prediction...
[2026-07-31 11:12:16] [INFO] [alzheimer_system]: Received multimodal prediction request...
[2026-07-31 11:12:16] [INFO] [alzheimer_system]: Executing end-to-end multimodal prediction...
[2026-07-31 11:13:18] [INFO] [alzheimer_system]: Loading Cognitive preprocessor from saved_models\cognitive_preprocessor.pkl
[2026-07-31 11:13:18] [INFO] [alzheimer_system]: Successfully initialized Multimodal Predictor artifacts.
[2026-07-31 11:13:18] [INFO] [alzheimer_system]: Starting Flask Multimodal Alzheimer's System Server on http://127.0.0.1:5000 ...
[2026-07-31 11:14:43] [INFO] [alzheimer_system]: Loading Cognitive preprocessor from saved_models\cognitive_preprocessor.pkl
[2026-07-31 11:14:43] [INFO] [alzheimer_system]: Successfully initialized Multimodal Predictor artifacts.
[2026-07-31 11:14:43] [INFO] [alzheimer_system]: Starting Flask Multimodal Alzheimer's System Server on http://127.0.0.1:5000 ...
[2026-07-31 11:15:09] [INFO] [alzheimer_system]: Received multimodal prediction request...
[2026-07-31 11:15:09] [INFO] [alzheimer_system]: Executing end-to-end multimodal prediction...
[2026-07-31 11:16:04] [INFO] [alzheimer_system]: Received multimodal prediction request...
[2026-07-31 11:16:04] [ERROR] [alzheimer_system]: Error during prediction execution: 413 Request Entity Too Large: The data value transmitted exceeds the capacity limit.
[2026-07-31 11:16:14] [INFO] [alzheimer_system]: Received multimodal prediction request...
[2026-07-31 11:16:14] [INFO] [alzheimer_system]: Executing end-to-end multimodal prediction...
[2026-07-31 11:17:00] [INFO] [alzheimer_system]: Loading Cognitive preprocessor from saved_models\cognitive_preprocessor.pkl
[2026-07-31 11:17:00] [INFO] [alzheimer_system]: Successfully initialized Multimodal Predictor artifacts.
[2026-07-31 11:17:00] [INFO] [alzheimer_system]: Executing end-to-end multimodal prediction...
[2026-07-31 11:17:23] [INFO] [alzheimer_system]: Loading Cognitive preprocessor from saved_models\cognitive_preprocessor.pkl
[2026-07-31 11:17:23] [INFO] [alzheimer_system]: Successfully initialized Multimodal Predictor artifacts.
[2026-07-31 11:17:23] [INFO] [alzheimer_system]: Starting Flask Multimodal Alzheimer's System Server on http://127.0.0.1:5000 ...
[2026-07-31 11:17:36] [INFO] [alzheimer_system]: Received multimodal prediction request...
[2026-07-31 11:17:36] [INFO] [alzheimer_system]: Executing end-to-end multimodal prediction...
[2026-07-31 11:17:53] [INFO] [alzheimer_system]: Received multimodal prediction request...
[2026-07-31 11:17:53] [INFO] [alzheimer_system]: Executing end-to-end multimodal prediction...
[2026-07-31 11:20:10] [INFO] [alzheimer_system]: Loading Cognitive preprocessor from saved_models\cognitive_preprocessor.pkl
[2026-07-31 11:20:10] [INFO] [alzheimer_system]: Successfully initialized Multimodal Predictor artifacts.
[2026-07-31 11:20:10] [INFO] [alzheimer_system]: Starting NeuroCare Patient Portal Server on http://127.0.0.1:5000 ...
[2026-07-31 11:20:22] [INFO] [alzheimer_system]: Received multimodal prediction request...
[2026-07-31 11:20:22] [INFO] [alzheimer_system]: Executing end-to-end multimodal prediction...
[2026-07-31 11:20:30] [INFO] [alzheimer_system]: Received multimodal prediction request...
[2026-07-31 11:20:30] [INFO] [alzheimer_system]: Executing end-to-end multimodal prediction...
[2026-07-31 11:20:36] [INFO] [alzheimer_system]: Received multimodal prediction request...
[2026-07-31 11:20:36] [INFO] [alzheimer_system]: Executing end-to-end multimodal prediction...
[2026-07-31 11:20:48] [INFO] [alzheimer_system]: Loading Cognitive preprocessor from saved_models\cognitive_preprocessor.pkl
[2026-07-31 11:20:48] [INFO] [alzheimer_system]: Successfully initialized Multimodal Predictor artifacts.
[2026-07-31 11:20:48] [INFO] [alzheimer_system]: Starting NeuroCare Patient Portal Server on http://127.0.0.1:5000 ...
[2026-07-31 11:20:52] [INFO] [alzheimer_system]: Received patient assessment request...
[2026-07-31 11:20:52] [INFO] [alzheimer_system]: Executing end-to-end multimodal prediction...
[2026-07-31 11:23:11] [INFO] [alzheimer_system]: Received patient assessment request...
[2026-07-31 11:23:11] [INFO] [alzheimer_system]: Read patient speech audio bytes.
[2026-07-31 11:23:11] [INFO] [alzheimer_system]: Executing end-to-end multimodal prediction...
[2026-07-31 11:23:15] [INFO] [alzheimer_system]: Received patient assessment request...
[2026-07-31 11:23:15] [INFO] [alzheimer_system]: Read patient speech audio bytes.
[2026-07-31 11:23:15] [INFO] [alzheimer_system]: Executing end-to-end multimodal prediction...
[2026-07-31 11:24:20] [INFO] [alzheimer_system]: Received patient assessment request...
[2026-07-31 11:24:20] [INFO] [alzheimer_system]: Read patient speech audio bytes.
[2026-07-31 11:24:20] [INFO] [alzheimer_system]: Executing end-to-end multimodal prediction...
[2026-07-31 11:24:21] [ERROR] [alzheimer_system]: Error predicting Speech: Error opening <_io.BytesIO object at 0x000001D391B73DD0>: Format not recognised.
[2026-07-31 11:32:01] [INFO] [alzheimer_system]: Loading Cognitive preprocessor from saved_models\cognitive_preprocessor.pkl
[2026-07-31 11:32:02] [INFO] [alzheimer_system]: Successfully initialized Multimodal Predictor artifacts.
[2026-07-31 11:32:02] [INFO] [alzheimer_system]: Starting NeuroCare Patient Portal Server on http://127.0.0.1:5000 ...
[2026-07-31 11:32:41] [INFO] [alzheimer_system]: Received patient assessment request...
[2026-07-31 11:32:41] [INFO] [alzheimer_system]: Read patient speech audio bytes.
[2026-07-31 11:32:41] [INFO] [alzheimer_system]: Executing end-to-end multimodal prediction...
[2026-07-31 11:32:41] [ERROR] [alzheimer_system]: Error predicting Speech: Error opening <_io.BytesIO object at 0x0000021034357D30>: Format not recognised.
[2026-07-31 11:47:45] [INFO] [alzheimer_system]: Default Admin account created: username='admin', password='admin123'
[2026-07-31 11:47:45] [INFO] [alzheimer_system]: Database initialized successfully.
[2026-07-31 11:47:45] [INFO] [alzheimer_system]: Loading Cognitive preprocessor from saved_models\cognitive_preprocessor.pkl
[2026-07-31 11:47:45] [INFO] [alzheimer_system]: Successfully initialized Multimodal Predictor artifacts.
[2026-07-31 11:47:45] [INFO] [alzheimer_system]: Starting NeuroCare Patient Portal & Admin Server on http://127.0.0.1:5000 ...
[2026-07-31 11:47:55] [INFO] [alzheimer_system]: New user registered: 'dr_smith'
[2026-07-31 11:47:55] [INFO] [alzheimer_system]: Received patient assessment request...
[2026-07-31 11:47:55] [INFO] [alzheimer_system]: Executing end-to-end multimodal prediction...
[2026-07-31 11:47:57] [INFO] [alzheimer_system]: Patient report #1 saved to database for patient 'Robert Paulson'
[2026-07-31 11:47:57] [INFO] [alzheimer_system]: User 'admin' logged in successfully.
[2026-07-31 11:48:49] [INFO] [alzheimer_system]: User 'admin' logged in successfully.
[2026-07-31 11:49:56] [INFO] [alzheimer_system]: New user registered: 'suhan'
[2026-07-31 11:51:37] [INFO] [alzheimer_system]: Received patient assessment request...
[2026-07-31 11:51:37] [INFO] [alzheimer_system]: Saved patient EEG file to static/uploads\single_patient_EEG.csv
[2026-07-31 11:51:37] [INFO] [alzheimer_system]: Read patient speech audio bytes.
[2026-07-31 11:51:37] [INFO] [alzheimer_system]: Executing end-to-end multimodal prediction...
[2026-07-31 11:51:42] [INFO] [alzheimer_system]: Patient report #2 saved to database for patient 'Patient1'
[2026-07-31 11:52:25] [INFO] [alzheimer_system]: User 'admin' logged in successfully.
[2026-07-31 11:54:47] [INFO] [alzheimer_system]: Database initialized successfully.
[2026-07-31 11:54:47] [INFO] [alzheimer_system]: Loading Cognitive preprocessor from saved_models\cognitive_preprocessor.pkl
[2026-07-31 11:54:47] [INFO] [alzheimer_system]: Successfully initialized Multimodal Predictor artifacts.
[2026-07-31 11:54:47] [INFO] [alzheimer_system]: Starting NeuroCare Patient Portal & Admin Server on http://127.0.0.1:5000 ...
[2026-07-31 11:58:42] [INFO] [alzheimer_system]: Database initialized successfully.
[2026-07-31 11:58:42] [INFO] [alzheimer_system]: Loading Cognitive preprocessor from saved_models\cognitive_preprocessor.pkl
[2026-07-31 11:58:42] [INFO] [alzheimer_system]: Successfully initialized Multimodal Predictor artifacts.
[2026-07-31 11:58:42] [INFO] [alzheimer_system]: Starting NeuroCare Patient Portal & Admin Server on http://127.0.0.1:5000 ...
[2026-07-31 11:58:51] [INFO] [alzheimer_system]: User 'admin' logged in successfully.
[2026-07-31 11:58:51] [INFO] [alzheimer_system]: Received patient assessment request...
[2026-07-31 11:58:51] [INFO] [alzheimer_system]: Executing end-to-end multimodal prediction...
[2026-07-31 11:58:53] [INFO] [alzheimer_system]: Patient report #3 saved to database for patient 'Dr. Alexander Vance' by user ID 1
[2026-07-31 12:02:48] [INFO] [alzheimer_system]: Database initialized successfully.
[2026-07-31 12:02:48] [INFO] [alzheimer_system]: Loading Cognitive preprocessor from saved_models\cognitive_preprocessor.pkl
[2026-07-31 12:02:48] [INFO] [alzheimer_system]: Successfully initialized Multimodal Predictor artifacts.
[2026-07-31 12:02:48] [INFO] [alzheimer_system]: Starting NeuroCare Patient Portal & Admin Server on http://127.0.0.1:5000 ...
[2026-07-31 12:03:45] [INFO] [alzheimer_system]: User 'admin' logged in successfully.
[2026-07-31 12:04:25] [INFO] [alzheimer_system]: User 'suhan' logged in successfully.
[2026-07-31 12:05:29] [INFO] [alzheimer_system]: Received patient assessment request...
[2026-07-31 12:05:29] [INFO] [alzheimer_system]: Read patient speech audio bytes.
[2026-07-31 12:05:29] [INFO] [alzheimer_system]: Executing end-to-end multimodal prediction...
[2026-07-31 12:05:33] [INFO] [alzheimer_system]: Patient report #4 saved to database for patient 'Patient Assessment' by user ID 3
[2026-07-31 12:06:22] [INFO] [alzheimer_system]: User 'admin' logged in successfully.
[2026-07-31 12:07:04] [INFO] [alzheimer_system]: Loading Cognitive preprocessor from saved_models\cognitive_preprocessor.pkl
[2026-07-31 12:07:04] [INFO] [alzheimer_system]: Successfully initialized Multimodal Predictor artifacts.
[2026-07-31 12:07:04] [INFO] [alzheimer_system]: Executing end-to-end multimodal prediction...
[2026-07-31 12:07:17] [INFO] [alzheimer_system]: Loading Cognitive preprocessor from saved_models/cognitive_preprocessor.pkl
[2026-07-31 12:07:41] [INFO] [alzheimer_system]: ==================================================
[2026-07-31 12:07:41] [INFO] [alzheimer_system]:   STARTING COGNITIVE MODEL TRAINING PIPELINE    
[2026-07-31 12:07:41] [INFO] [alzheimer_system]: ==================================================
[2026-07-31 12:07:41] [INFO] [alzheimer_system]: Loading Cognitive Dataset from cognitive dataset/alzheimer.csv
[2026-07-31 12:07:41] [INFO] [alzheimer_system]: Starting Cognitive preprocessing fit_transform...
[2026-07-31 12:07:41] [INFO] [alzheimer_system]: Saved Cognitive preprocessor to saved_models\cognitive_preprocessor.pkl
[2026-07-31 12:07:41] [INFO] [alzheimer_system]: Training ML Model Suite across 5 algorithms with 5-fold CV...
[2026-07-31 12:07:41] [INFO] [alzheimer_system]: Tuning & evaluating model: Logistic Regression
[2026-07-31 12:07:41] [INFO] [alzheimer_system]: [Logistic Regression] Acc: 0.9464 | F1: 0.9429 | AUC: 0.9677
[2026-07-31 12:07:41] [INFO] [alzheimer_system]: Tuning & evaluating model: Random Forest
[2026-07-31 12:07:46] [INFO] [alzheimer_system]: [Random Forest] Acc: 0.9491 | F1: 0.9465 | AUC: 0.9646
[2026-07-31 12:07:46] [INFO] [alzheimer_system]: Tuning & evaluating model: XGBoost
[2026-07-31 12:07:47] [INFO] [alzheimer_system]: [XGBoost] Acc: 0.9437 | F1: 0.9412 | AUC: 0.9621
[2026-07-31 12:07:47] [INFO] [alzheimer_system]: Tuning & evaluating model: CatBoost
[2026-07-31 12:07:50] [INFO] [alzheimer_system]: [CatBoost] Acc: 0.9464 | F1: 0.9429 | AUC: 0.9619
[2026-07-31 12:07:50] [INFO] [alzheimer_system]: Tuning & evaluating model: LightGBM
[2026-07-31 12:07:52] [INFO] [alzheimer_system]: [LightGBM] Acc: 0.9544 | F1: 0.9524 | AUC: 0.9626
[2026-07-31 12:07:52] [INFO] [alzheimer_system]: AUTOMATIC SELECTION: Best performing model is 'Logistic Regression' with ROC-AUC: 0.9677
[2026-07-31 12:07:52] [INFO] [alzheimer_system]: Saved best ML model (Logistic Regression) to saved_models\best_cognitive_model.pkl
[2026-07-31 12:07:53] [INFO] [alzheimer_system]: Generated SHAP explainability plots successfully.
[2026-07-31 12:07:53] [INFO] [alzheimer_system]: ==================================================
[2026-07-31 12:07:53] [INFO] [alzheimer_system]:   COGNITIVE TRAINING COMPLETE: Best = Logistic Regression
[2026-07-31 12:07:53] [INFO] [alzheimer_system]: ==================================================
[2026-07-31 12:08:04] [INFO] [alzheimer_system]: Loading Cognitive preprocessor from saved_models\cognitive_preprocessor.pkl
[2026-07-31 12:08:04] [INFO] [alzheimer_system]: Successfully initialized Multimodal Predictor artifacts.
[2026-07-31 12:08:04] [INFO] [alzheimer_system]: Executing end-to-end multimodal prediction...
[2026-07-31 12:08:11] [INFO] [alzheimer_system]: Database initialized successfully.
[2026-07-31 12:08:11] [INFO] [alzheimer_system]: Loading Cognitive preprocessor from saved_models\cognitive_preprocessor.pkl
[2026-07-31 12:08:11] [INFO] [alzheimer_system]: Successfully initialized Multimodal Predictor artifacts.
[2026-07-31 12:08:11] [INFO] [alzheimer_system]: Starting NeuroCare Patient Portal & Admin Server on http://127.0.0.1:5000 ...
[2026-07-31 12:08:19] [INFO] [alzheimer_system]: User 'admin' logged in successfully.
[2026-07-31 12:08:19] [INFO] [alzheimer_system]: Received patient assessment request...
[2026-07-31 12:08:19] [INFO] [alzheimer_system]: Executing end-to-end multimodal prediction...
[2026-07-31 12:08:19] [INFO] [alzheimer_system]: Patient report #5 saved to database for patient 'Healthy Patient Sample' by user ID 1
[2026-07-31 12:09:02] [INFO] [alzheimer_system]: User 'admin' logged in successfully.
[2026-07-31 12:09:58] [INFO] [alzheimer_system]: Loading Cognitive preprocessor from saved_models\cognitive_preprocessor.pkl
[2026-07-31 12:09:58] [INFO] [alzheimer_system]: Successfully initialized Multimodal Predictor artifacts.
[2026-07-31 12:09:58] [INFO] [alzheimer_system]: Executing end-to-end multimodal prediction...
[2026-07-31 12:11:38] [INFO] [alzheimer_system]: Database initialized successfully.
[2026-07-31 12:11:38] [INFO] [alzheimer_system]: Loading Cognitive preprocessor from saved_models\cognitive_preprocessor.pkl
[2026-07-31 12:11:39] [INFO] [alzheimer_system]: Successfully initialized Multimodal Predictor artifacts.
[2026-07-31 12:11:39] [INFO] [alzheimer_system]: Starting NeuroCare Patient Portal & Admin Server on http://127.0.0.1:5000 ...
[2026-07-31 12:11:46] [INFO] [alzheimer_system]: User 'admin' logged in successfully.
[2026-07-31 12:12:10] [INFO] [alzheimer_system]: Received patient assessment request...
[2026-07-31 12:12:10] [INFO] [alzheimer_system]: Executing end-to-end multimodal prediction...
[2026-07-31 12:12:10] [INFO] [alzheimer_system]: Patient report #6 saved to database for patient 'Patient2' by user ID 1
[2026-07-31 12:12:46] [INFO] [alzheimer_system]: Received patient assessment request...
[2026-07-31 12:12:46] [INFO] [alzheimer_system]: Executing end-to-end multimodal prediction...
[2026-07-31 12:12:46] [INFO] [alzheimer_system]: Patient report #7 saved to database for patient 'Patient Assessment' by user ID 1
[2026-07-31 12:14:25] [INFO] [alzheimer_system]: Database initialized successfully.
[2026-07-31 12:14:25] [INFO] [alzheimer_system]: Loading Cognitive preprocessor from saved_models\cognitive_preprocessor.pkl
[2026-07-31 12:14:25] [INFO] [alzheimer_system]: Successfully initialized Multimodal Predictor artifacts.
[2026-07-31 12:14:25] [INFO] [alzheimer_system]: ==================================================
[2026-07-31 12:14:25] [INFO] [alzheimer_system]:   STARTING NEUROCARE PRODUCTION WSGI SERVER      
[2026-07-31 12:14:25] [INFO] [alzheimer_system]:   Server URL: http://127.0.0.1:5000               
[2026-07-31 12:14:25] [INFO] [alzheimer_system]:   Local Network Access: http://0.0.0.0:5000       
[2026-07-31 12:14:25] [INFO] [alzheimer_system]: ==================================================
[2026-07-31 12:45:17] [INFO] [alzheimer_system]: Database initialized successfully.
[2026-07-31 12:45:17] [INFO] [alzheimer_system]: Loading Cognitive preprocessor from saved_models\cognitive_preprocessor.pkl
[2026-07-31 12:45:17] [INFO] [alzheimer_system]: Successfully initialized Multimodal Predictor artifacts.
[2026-07-31 12:45:17] [INFO] [alzheimer_system]: Starting NeuroCare Patient Portal & Admin Server on http://127.0.0.1:5000 ...
[2026-07-31 12:57:01] [INFO] [alzheimer_system]: Database initialized successfully.
[2026-07-31 12:57:01] [INFO] [alzheimer_system]: Loading Cognitive preprocessor from saved_models\cognitive_preprocessor.pkl
[2026-07-31 12:57:01] [INFO] [alzheimer_system]: Successfully initialized Multimodal Predictor artifacts.
[2026-07-31 12:57:01] [INFO] [alzheimer_system]: Starting NeuroCare Patient Portal & Admin Server on http://127.0.0.1:5000 ...
[2026-07-31 12:57:06] [INFO] [alzheimer_system]: User 'admin' logged in successfully.
[2026-07-31 12:57:25] [INFO] [alzheimer_system]: Received patient assessment request...
[2026-07-31 12:57:25] [INFO] [alzheimer_system]: Executing end-to-end multimodal prediction...
[2026-07-31 12:57:25] [INFO] [alzheimer_system]: Patient report #8 saved to database for patient 'Patient4' by user ID 1
